// Jest Snapshot v1, https://goo.gl/fbAQLP

exports[`@nrwl/storybook:init dependencies for package.json should add angular related dependencies when using Angular as uiFramework 1`] = `
Object {
  "dependencies": Object {
    "existing": "1.0.0",
  },
  "devDependencies": Object {
    "@angular/forms": "*",
    "@nrwl/js": "0.0.1",
    "@nrwl/storybook": "^6.5.15",
    "@storybook/addon-essentials": "^6.5.15",
    "@storybook/angular": "^6.5.15",
    "@storybook/builder-webpack5": "^6.5.15",
    "@storybook/core-server": "^6.5.15",
    "@storybook/manager-webpack5": "^6.5.15",
    "existing": "1.0.0",
    "html-webpack-plugin": "^5.5.0",
    "prettier": "^2.6.2",
    "typescript": "~4.9.5",
    "webpack": "^5.64.0",
  },
  "name": "test-name",
}
`;
